#-----------------------------------------------------------
# Vivado v2023.1 (64-bit)
# SW Build 3865809 on Sun May  7 15:04:56 MDT 2023
# IP Build 3864474 on Sun May  7 20:36:21 MDT 2023
# SharedData Build 3865790 on Sun May 07 13:33:03 MDT 2023
# Start of session at: Tue Apr 29 16:10:11 2025
# Process ID: 8324
# Current directory: /home/rebillar/Compilateur-MICroprocesseur
# Command line: vivado
# Log file: /home/rebillar/Compilateur-MICroprocesseur/vivado.log
# Journal file: /home/rebillar/Compilateur-MICroprocesseur/vivado.jou
# Running On: insa-11282, OS: Linux, CPU Frequency: 800.000 MHz, CPU Physical cores: 6, Host memory: 67247 MB
#-----------------------------------------------------------
start_gui
open_project /home/rebillar/Compilateur-MICroprocesseur/Processeur/project_1/project_1.xpr
update_compile_order -fileset sources_1
launch_simulation
open_wave_config /home/rebillar/Compilateur-MICroprocesseur/Processeur/project_1/Instruction_decoder_behav.wcfg
source Instruction_decoder.tcl
close_sim
launch_simulation
open_wave_config /home/rebillar/Compilateur-MICroprocesseur/Processeur/project_1/Instruction_decoder_behav.wcfg
source Instruction_decoder.tcl
close_sim
launch_simulation
open_wave_config /home/rebillar/Compilateur-MICroprocesseur/Processeur/project_1/Instruction_decoder_behav.wcfg
source Instruction_decoder.tcl
# Disabling source management mode.  This is to allow the top design properties to be set without GUI intervention.
set_property source_mgmt_mode None [current_project]
set_property top Instruction_decoder [current_fileset]
# Re-enabling previously disabled source management mode.
set_property source_mgmt_mode All [current_project]
close_sim
launch_simulation
source Instruction_decoder.tcl
update_compile_order -fileset sources_1
# Disabling source management mode.  This is to allow the top design properties to be set without GUI intervention.
set_property source_mgmt_mode None [current_project]
set_property top Instruction_decoder_tb [get_filesets sim_1]
set_property top_lib xil_defaultlib [get_filesets sim_1]
# Re-enabling previously disabled source management mode.
set_property source_mgmt_mode All [current_project]
launch_simulation
source Instruction_decoder_tb.tcl
update_compile_order -fileset sim_1
close_sim
launch_simulation
source Instruction_decoder_tb.tcl
# Disabling source management mode.  This is to allow the top design properties to be set without GUI intervention.
set_property source_mgmt_mode None [current_project]
set_property top processor [current_fileset]
# Re-enabling previously disabled source management mode.
set_property source_mgmt_mode All [current_project]
update_compile_order -fileset sources_1
# Disabling source management mode.  This is to allow the top design properties to be set without GUI intervention.
set_property source_mgmt_mode None [current_project]
set_property top processor [get_filesets sim_1]
set_property top_lib xil_defaultlib [get_filesets sim_1]
# Re-enabling previously disabled source management mode.
set_property source_mgmt_mode All [current_project]
update_compile_order -fileset sim_1
update_compile_order -fileset sources_1
update_compile_order -fileset sources_1
update_compile_order -fileset sources_1
update_compile_order -fileset sim_1
update_compile_order -fileset sources_1
update_compile_order -fileset sources_1
synth_design -rtl -rtl_skip_mlo -name rtl_1
launch_simulation
launch_simulation
synth_design -rtl -rtl_skip_mlo -name rtl_1
synth_design -dataflow -name dfv_1
synth_design -rtl -rtl_skip_mlo -name rtl_1
close_sim
close_sim
